<html>
<body>
<pre>
<h1>µVision Build Log</h1>
<h2>Tool Versions:</h2>
IDE-Version: µVision V5.22.0.0
Copyright (C) 2016 ARM Ltd and ARM Germany GmbH. All rights reserved.
License Information: Dimka k, mKont, LIC=GE7EV-PL1YE-249SS-LP2TD-ZBPKI-2KE5L
 
Tool Versions:
Toolchain:       MDK-ARM Professional  Version: 5.22
Toolchain Path:  D:\OtherBrown\KeilARM\ARM\ARMCC\Bin
C Compiler:      Armcc.exe V5.06 update 4 (build 422)
Assembler:       Armasm.exe V5.06 update 4 (build 422)
Linker/Locator:  ArmLink.exe V5.06 update 4 (build 422)
Library Manager: ArmAr.exe V5.06 update 4 (build 422)
Hex Converter:   FromElf.exe V5.06 update 4 (build 422)
CPU DLL:         SARMCM3.DLL V5.22
Dialog DLL:      DCM.DLL V1.13.9.0
Target DLL:      STLink\ST-LINKIII-KEIL_SWO.dll V2.0.18.0
Dialog DLL:      TCM.DLL V1.21.0.0
 
<h2>Project:</h2>
D:\Works\STProj\Generator433\MDK-ARM\Generator433.uvprojx
Project File Date:  04/22/2021

<h2>Output:</h2>
*** Using Compiler 'V5.06 update 4 (build 422)', folder: 'D:\OtherBrown\KeilARM\ARM\ARMCC\Bin'
Rebuild target 'Generator433'
assembling startup_stm32f103xb.s...
compiling intflash.c...
..\Core\Src\intflash.c(93): warning:  #177-D: variable "Page"  was declared but never referenced
  	uint8_t Page;
..\Core\Src\intflash.c: 1 warning, 0 errors
compiling hdlc.c...
compiling usb_device.c...
compiling stm32f1xx_hal_msp.c...
compiling hc12.c...
..\Core\Src\hc12.c(36): warning:  #223-D: function "sprintf" declared implicitly
  	sprintf(buff,"AT\n\r");
..\Core\Src\hc12.c(43): warning:  #223-D: function "sprintf" declared implicitly
  	sprintf(buff,"AT+B%d\r\n",speed);
..\Core\Src\hc12.c(50): warning:  #223-D: function "sprintf" declared implicitly
  	sprintf(buff,"AT+FU%d\r\n",mode);
..\Core\Src\hc12.c(57): warning:  #223-D: function "sprintf" declared implicitly
  	sprintf(buff,"AT+C%03d\r\n",channel);
..\Core\Src\hc12.c(64): warning:  #223-D: function "sprintf" declared implicitly
  	sprintf(buff,"AT+P%d\r\n",power);
..\Core\Src\hc12.c(71): warning:  #223-D: function "sprintf" declared implicitly
  	sprintf(buff,"AT+SLEEP\r\n");
..\Core\Src\hc12.c(177): warning:  #1-D: last line of file ends without a newline
  }
..\Core\Src\hc12.c: 7 warnings, 0 errors
compiling usbd_cdc_if.c...
compiling stm32f1xx_it.c...
compiling usbd_desc.c...
compiling usbd_conf.c...
compiling freertos.c...
compiling main.c...
../Core/Src/main.c(530): warning:  #177-D: variable "LiveCount"  was declared but never referenced
  	uint8_t LiveCount = 0;
../Core/Src/main.c: 1 warning, 0 errors
compiling stm32f1xx_hal_cortex.c...
compiling stm32f1xx_hal_pcd_ex.c...
compiling stm32f1xx_hal_gpio.c...
compiling stm32f1xx_hal_rcc_ex.c...
compiling stm32f1xx_hal_gpio_ex.c...
compiling stm32f1xx_hal_dma.c...
compiling stm32f1xx_hal_rcc.c...
compiling stm32f1xx_hal.c...
compiling stm32f1xx_hal_pcd.c...
compiling stm32f1xx_hal_pwr.c...
compiling stm32f1xx_ll_usb.c...
compiling stm32f1xx_hal_flash_ex.c...
compiling system_stm32f1xx.c...
compiling usbd_ioreq.c...
compiling croutine.c...
compiling stm32f1xx_hal_flash.c...
compiling usbd_ctlreq.c...
compiling usbd_cdc.c...
compiling stm32f1xx_hal_tim_ex.c...
compiling stm32f1xx_hal_uart.c...
compiling event_groups.c...
compiling stm32f1xx_hal_exti.c...
compiling list.c...
compiling timers.c...
compiling stream_buffer.c...
compiling heap_4.c...
compiling usbd_core.c...
compiling queue.c...
compiling port.c...
compiling tasks.c...
compiling cmsis_os.c...
compiling stm32f1xx_hal_tim.c...
linking...
Program Size: Code=30404 RO-data=484 RW-data=516 ZI-data=15388  
FromELF: creating hex file...
"Generator433\Generator433.axf" - 0 Error(s), 9 Warning(s).

<h2>Software Packages used:</h2>

Package Vendor: ARM
                http://www.keil.com/pack/ARM.CMSIS.5.0.0.pack
                ARM::CMSIS:CORE:5.0.0
                CMSIS (Cortex Microcontroller Software Interface Standard)
   * Component: CORE Version: 5.0.0

<h2>Collection of Component include folders:</h2>
  D:\Works\STProj\Generator433\MDK-ARM\RTE\_Generator433
  D:\OtherBrown\KeilARM\ARM\PACK\ARM\CMSIS\5.0.0\CMSIS\Include
  D:\OtherBrown\KeilARM\ARM\PACK\Keil\STM32F1xx_DFP\2.1.0\Device\Include

<h2>Collection of Component Files used:</h2>

   * Component: ARM::CMSIS:CORE:5.0.0
Build Time Elapsed:  00:00:07
</pre>
</body>
</html>
